[shiqiang.wang/index.html]
[shiqiang.wang/css/wowchemy.b683e3b81dcd40947ced3ddf440ca22d.css]
[backblue.gif]
[fade.gif]
[index.html]
[shiqiang.wang/index.xml]
[shiqiang.wang/index.webmanifest]
[shiqiang.wang/images/icon_hue3a16edcaf2eb4438446839de7be2183_10174_32x32_fill_lanczos_center_2.png]
[shiqiang.wang/images/icon_hue3a16edcaf2eb4438446839de7be2183_10174_180x180_fill_lanczos_center_2.png]
[shiqiang.wang/images/icon_hue3a16edcaf2eb4438446839de7be2183_10174_512x512_fill_lanczos_center_2.png]
[shiqiang.wang/js/wowchemy-init.min.a6619d6f25661cae20f56f768201cbd0.js]
[shiqiang.wang/authors/admin/avatar_hu7018b4dfe995b4bc308360600ce222a2_61589_270x270_fill_q75_lanczos_center.jpg]
[shiqiang.wang/media/wordcloud.png]
[shiqiang.wang/papers/HL_ICDCS2020.pdf]
[shiqiang.wang/papers/PH_ICDCS2020.pdf]
[shiqiang.wang/papers/TT_ICPR2020.pdf]
[shiqiang.wang/papers/HL_Networking2020.pdf]
[shiqiang.wang/papers/HL_GLOBECOM2019.pdf]
[shiqiang.wang/papers/PH_WCNC2020.pdf]
[shiqiang.wang/papers/YL_ICC2020.pdf]
[shiqiang.wang/papers/WHL_ICIP2019.pdf]
[shiqiang.wang/papers/BK_SMARTCOMP2019.pdf]
[shiqiang.wang/papers/SP_INFOCOM2019.pdf]
[shiqiang.wang/papers/YL_INFOCOM2019.pdf]
[shiqiang.wang/papers/TT_FUSION2018.pdf]
[shiqiang.wang/papers/SW_INFOCOM2018.pdf]
[shiqiang.wang/papers/TT_INFOCOM2018.pdf]
[shiqiang.wang/papers/TH_ICDCS2017.pdf]
[shiqiang.wang/papers/SW_ICASSP2017.pdf]
[shiqiang.wang/papers/AM_Mobicom2016.pdf]
[shiqiang.wang/papers/IHH_Mobihoc2016.pdf]
[shiqiang.wang/papers/YY_PIMRC2015.pdf]
[shiqiang.wang/papers/SW_MILCOM2015.pdf]
[shiqiang.wang/papers/WF_ICC2015.pdf]
[shiqiang.wang/papers/RPOPNC.pdf]
[shiqiang.wang/papers/WS_MILCOM2014.pdf]
[shiqiang.wang/papers/ZL_PIMRC2014.pdf]
[shiqiang.wang/papers/VNETRateControl.pdf]
[shiqiang.wang/papers/MultipleEncodingPNC.pdf]
[shiqiang.wang/papers/OverhearingMAC.pdf]
[shiqiang.wang/papers/PNCSync.pdf]
[shiqiang.wang/papers/SERMQAM.pdf]
[shiqiang.wang/papers/AM_WirelessComm2017.pdf]
[shiqiang.wang/papers/SE2EKICMAC_TVT.pdf]
[shiqiang.wang/papers/SW_TPDS2016.pdf]
[shiqiang.wang/papers/QS_IEEEWireless2014.pdf]
[shiqiang.wang/papers/PNCSyncJournal.pdf]
[shiqiang.wang/papers/AdaptRelayMethod.pdf]
[shiqiang.wang/papers/ANC_RatePWR.pdf]
[shiqiang.wang/papers/LinkStab.pdf]
[shiqiang.wang/papers/DCASE2018_Inoue_14.pdf]
[shiqiang.wang/js/_vendor/bootstrap.bundle.min.f81d0a1705048649befc8b595e455a94.js]
[shiqiang.wang/papers/SE2EKICMAC.pdf]
[shiqiang.wang/papers/MigrationSup.pdf]
[shiqiang.wang/index.html]
[shiqiang.wang/css/wowchemy.b683e3b81dcd40947ced3ddf440ca22d.css]
[shiqiang.wang/en/js/wowchemy.min.e72e6b0d76264013628e382e1254326a.js]
[shiqiang.wang/papers/Thesis_Final_SW.pdf]
[shiqiang.wang/papers/TH_ICDCS2018.pdf]
[shiqiang.wang/papers/TT_SPIE2018.pdf]
[shiqiang.wang/papers/DW_SPIE2018.pdf]
[shiqiang.wang/papers/SP_DAISWorkshop2017.pdf]
[shiqiang.wang/papers/WS_ICC2015.pdf]
[shiqiang.wang/papers/DV_SocialSens2017.pdf]
[shiqiang.wang/papers/WS_Networking2015.pdf]
[shiqiang.wang/papers/MapMQAM.pdf]
[shiqiang.wang/papers/VF_INFOCOM2019.pdf]
[shiqiang.wang/papers/Buildsys2016.pdf]
[shiqiang.wang/papers/YL_TON2020.pdf]
